Assumed R : Sort(0)
Assumed zeroR : R
Assumed oneR : R
Assumed a : R
Assumed add : (Pi (u : R) (Pi (v : R) R))
Assumed mul : (Pi (u : R) (Pi (v : R) R))
Assumed Der : (Pi (f : (Pi (x : R) R)) (Pi (g : (Pi (x : R) R)) Sort(0)))
Assumed der_id : ((Der (lam (x : R) #0)) (lam (x : R) oneR))
Assumed der_const : (Pi (c : R) ((Der (lam (x : R) #1)) (lam (x : R) zeroR)))
Assumed der_add : (Pi (f : (Pi (x : R) R)) (Pi (f1 : (Pi (x : R) R)) (Pi (g : (Pi (x : R) R)) (Pi (g1 : (Pi (x : R) R)) (Pi (pf : ((Der #3) #2)) (Pi (pg : ((Der #2) #1)) ((Der (lam (x : R) ((add (#6 #0)) (#4 #0)))) (lam (x : R) ((add (#5 #0)) (#3 #0))))))))))
Assumed der_mul : (Pi (f : (Pi (x : R) R)) (Pi (f1 : (Pi (x : R) R)) (Pi (g : (Pi (x : R) R)) (Pi (g1 : (Pi (x : R) R)) (Pi (pf : ((Der #3) #2)) (Pi (pg : ((Der #2) #1)) ((Der (lam (x : R) ((mul (#6 #0)) (#4 #0)))) (lam (x : R) ((add ((mul (#5 #0)) (#4 #0))) ((mul (#6 #0)) (#3 #0)))))))))))
Assumed sin : (Pi (x : R) R)
Assumed cos : (Pi (x : R) R)
Assumed exp : (Pi (x : R) R)
Assumed ln : (Pi (x : R) R)
Assumed neg : (Pi (x : R) R)
Assumed recip : (Pi (x : R) R)
Assumed der_sin : ((Der sin) cos)
Assumed der_cos : ((Der cos) (lam (x : R) (neg (sin #0))))
Assumed der_exp : ((Der exp) exp)
Assumed der_ln : ((Der ln) recip)
Assumed der_comp : (Pi (f : (Pi (x : R) R)) (Pi (f1 : (Pi (x : R) R)) (Pi (g : (Pi (x : R) R)) (Pi (g1 : (Pi (x : R) R)) (Pi (pf : ((Der #3) #2)) (Pi (pg : ((Der #2) #1)) ((Der (lam (x : R) (#6 (#4 #0)))) (lam (x : R) ((mul (#5 (#4 #0))) (#3 #0))))))))))
Assumed der_neg_lin : (Pi (g : (Pi (x : R) R)) (Pi (g1 : (Pi (x : R) R)) (Pi (pg : ((Der #1) #0)) ((Der (lam (x : R) (neg (#3 #0)))) (lam (x : R) (neg (#2 #0)))))))
Assumed xv : R
Assumed Ge : (Pi (u : R) (Pi (v : R) Sort(0)))
Assumed sq_nonneg : (Pi (y : R) ((Ge ((mul #0) #0)) zeroR))
Assumed one_nonneg : ((Ge oneR) zeroR)
Assumed zero_nonneg : ((Ge zeroR) zeroR)
Assumed scale_nonneg : (Pi (c : R) (Pi (pc : ((Ge #0) zeroR)) (Pi (w : R) ((Ge ((mul #2) ((mul #0) #0))) zeroR))))
Assumed add_nonneg : (Pi (a : R) (Pi (b : R) (Pi (pa : ((Ge #1) zeroR)) (Pi (pb : ((Ge #1) zeroR)) ((Ge ((add #3) #2)) zeroR)))))
Assumed const_nonneg : (Pi (c : R) ((Ge #0) zeroR))
#t
#t
#t
#t
#f
#f
#t
#t
